// Vitest Snapshot v1, https://vitest.dev/guide/snapshot.html

exports[`Footer > load footer 1`] = `
<footer
  className="mt-12"
>
  <p
    className="text-sm op-40"
  >
    Lulala Â© 2023
  </p>
</footer>
`;
